C:\ST\STM32CubeIDE_1.13.2\STM32CubeIDE\plugins\com.st.stm32cube.ide.mcu.externaltools.gnu-tools-for-stm32.11.3.rel1.win32_1.1.1.202309131626\tools\arm-none-eabi\include\c++\11.3.1\arm-none-eabi\thumb\v7e-m+fp\hard\bits\gthr-default.h:229:1:int __gthread_key_delete(__gthread_key_t)	16	static
../Core/Src/ps_cyclic_test.cpp:7:5:ps::CyclicTest::CyclicTest()	56	static
../Core/Src/ps_cyclic_test.cpp:14:11:virtual float ps::CyclicTest::getValue(uint64_t) const	72	static
../Core/Src/ps_cyclic_test.cpp:39:1:void __static_initialization_and_destruction_0(int, int)	64	static
../Core/Src/ps_cyclic_test.cpp:39:1:cpp)	8	static
../Core/Src/ps_cyclic_test.cpp:39:1:cpp)	8	static
