C:\ST\STM32CubeIDE_1.13.2\STM32CubeIDE\plugins\com.st.stm32cube.ide.mcu.externaltools.gnu-tools-for-stm32.11.3.rel1.win32_1.1.1.202309131626\tools\arm-none-eabi\include\c++\11.3.1\arm-none-eabi\thumb\v7e-m+fp\hard\bits\gthr-default.h:229:1:int __gthread_key_delete(__gthread_key_t)	16	static
../Core/Src/ps_message_receiver.cpp:8:5:ps::MessageReceiver::MessageReceiver()	16	static
../Core/Src/ps_message_receiver.cpp:11:10:void ps::MessageReceiver::reset()	16	static
../Core/Src/ps_message_receiver.cpp:18:10:void ps::MessageReceiver::readData()	24	static
../Core/Src/ps_message_receiver.cpp:42:12:std::string ps::MessageReceiver::next()	56	static
../Core/Src/ps_message_receiver.cpp:65:10:bool ps::MessageReceiver::available() const	16	static
../Core/Src/ps_message_receiver.cpp:71:14:uint32_t ps::MessageReceiver::getMessageCnt() const	16	static
../Core/Src/ps_message_receiver.cpp:77:14:uint32_t ps::MessageReceiver::getTotalMessageCnt() const	16	static
../Core/Inc/ps_circular_buffer.h:41:5:ps::CircularBuffer<T, MAX_SIZE>::CircularBuffer() [with T = char; unsigned int MAX_SIZE = 2000]	24	static
../Core/Inc/ps_circular_buffer.h:150:10:bool ps::CircularBuffer<T, MAX_SIZE>::full() const [with T = char; unsigned int MAX_SIZE = 2000]	16	static
../Core/Inc/ps_circular_buffer.h:79:10:void ps::CircularBuffer<T, MAX_SIZE>::push_back(const T&) [with T = char; unsigned int MAX_SIZE = 2000]	16	static
../Core/Inc/ps_circular_buffer.h:143:10:bool ps::CircularBuffer<T, MAX_SIZE>::empty() const [with T = char; unsigned int MAX_SIZE = 2000]	16	static
../Core/Inc/ps_circular_buffer.h:49:8:T& ps::CircularBuffer<T, MAX_SIZE>::front() [with T = char; unsigned int MAX_SIZE = 2000]	16	static
../Core/Inc/ps_circular_buffer.h:108:10:void ps::CircularBuffer<T, MAX_SIZE>::pop_front() [with T = char; unsigned int MAX_SIZE = 2000]	16	static
../Core/Inc/ArrayDefinitions.h:12:1:Array<T, MAX_SIZE>::Array() [with T = char; unsigned int MAX_SIZE = 2001]	16	static
../Core/Inc/ArrayDefinitions.h:78:6:void Array<T, MAX_SIZE>::fill(const U&) [with U = char; T = char; unsigned int MAX_SIZE = 2001]	16	static
../Core/Inc/ps_circular_buffer.h:157:12:size_t ps::CircularBuffer<T, MAX_SIZE>::size() const [with T = char; unsigned int MAX_SIZE = 2000]	16	static
../Core/Inc/ArrayDefinitions.h:41:5:T& Array<T, MAX_SIZE>::operator[](size_t) [with T = char; unsigned int MAX_SIZE = 2001]	16	static
../Core/Inc/ArrayDefinitions.h:99:6:void Array<T, MAX_SIZE>::assign(size_t, const U&) [with U = char; T = char; unsigned int MAX_SIZE = 2001]	32	static
../Core/Src/ps_message_receiver.cpp:83:1:void __static_initialization_and_destruction_0(int, int)	64	static
../Core/Src/ps_message_receiver.cpp:83:1:cpp)	8	static
../Core/Src/ps_message_receiver.cpp:83:1:cpp)	8	static
