C:\ST\STM32CubeIDE_1.13.2\STM32CubeIDE\plugins\com.st.stm32cube.ide.mcu.externaltools.gnu-tools-for-stm32.11.3.rel1.win32_1.1.1.202309131626\tools\arm-none-eabi\include\c++\11.3.1\arm-none-eabi\thumb\v7e-m+fp\hard\bits\gthr-default.h:229:1:int __gthread_key_delete(__gthread_key_t)	16	static
C:\ST\STM32CubeIDE_1.13.2\STM32CubeIDE\plugins\com.st.stm32cube.ide.mcu.externaltools.gnu-tools-for-stm32.11.3.rel1.win32_1.1.1.202309131626\tools\bin/../lib/gcc/arm-none-eabi/11.3.1/../../../../arm-none-eabi/include/c++/11.3.1/type_traits:70:17:constexpr std::integral_constant<_Tp, __v>::operator std::integral_constant<_Tp, __v>::value_type() const [with _Tp = bool; _Tp __v = true]	16	static
../Core/Inc/ps_return_status.h:16:13:ps::ReturnStatus::ReturnStatus()	16	static
../Core/Inc/ArduinoJson.h:20:3:ArduinoJson::Internals::NonCopyable::NonCopyable()	16	static
../Core/Inc/ArduinoJson.h:1544:3:ArduinoJson::JsonVariant::JsonVariant()	16	static
../Core/Inc/ArduinoJson.h:1545:3:ArduinoJson::JsonVariant::JsonVariant(bool)	16	static
../Core/Inc/ArduinoJson.h:1786:3:ArduinoJson::JsonBuffer::~JsonBuffer()	16	static
../Core/Inc/ArduinoJson.h:2098:9:static void* ArduinoJson::Internals::JsonBufferAllocated::operator new(size_t, ArduinoJson::JsonBuffer*)	16	static
../Core/Inc/ArduinoJson.h:2453:12:ArduinoJson::JsonObject::JsonObject(ArduinoJson::JsonBuffer*)	16	static
../Core/Inc/ArduinoJson.h:2557:22:static ArduinoJson::JsonObject& ArduinoJson::JsonObject::invalid()	8	static
../Core/Inc/ArduinoJson.h:1769:7:ArduinoJson::JsonBuffer::JsonBuffer()	16	static
../Core/Inc/ArduinoJson.h:1900:7:ArduinoJson::Internals::JsonBufferBase<ArduinoJson::Internals::StaticJsonBufferBase>::JsonBufferBase()	16	static
../Core/Inc/ArduinoJson.h:2641:3:ArduinoJson::Internals::StaticJsonBufferBase::StaticJsonBufferBase(char*, size_t)	24	static
../Core/Inc/ArduinoJson.h:2649:17:virtual void* ArduinoJson::Internals::StaticJsonBufferBase::alloc(size_t)	16	static
../Core/Inc/ArduinoJson.h:2661:3:ArduinoJson::Internals::StaticJsonBufferBase::~StaticJsonBufferBase()	16	static
../Core/Inc/ArduinoJson.h:2663:8:void ArduinoJson::Internals::StaticJsonBufferBase::alignNextAlloc()	24	static
../Core/Inc/ArduinoJson.h:2666:8:bool ArduinoJson::Internals::StaticJsonBufferBase::canAlloc(size_t) const	16	static
../Core/Inc/ArduinoJson.h:2669:9:void* ArduinoJson::Internals::StaticJsonBufferBase::doAlloc(size_t)	24	static
../Core/Inc/ArduinoJson.h:2983:33:ArduinoJson::JsonObject& ArduinoJson::JsonBuffer::createObject()	32	static
../Core/Inc/ArduinoJson.h:3074:13:bool ArduinoJson::Internals::isdigit(char)	16	static
../Core/Inc/ArduinoJson.h:3077:13:bool ArduinoJson::Internals::issign(char)	16	static
../Core/Inc/ArduinoJson.h:3084:13:bool ArduinoJson::Internals::isFloat(const char*)	16	static
../Core/Inc/ArduinoJson.h:3107:13:bool ArduinoJson::Internals::isInteger(const char*)	16	static
../Core/Inc/ArduinoJson.h:3252:20:const char* ArduinoJson::JsonVariant::variantAsString() const	16	static
../Core/Inc/ArduinoJson.h:3278:13:bool ArduinoJson::JsonVariant::variantIsBoolean() const	16	static
../Core/Inc/ArduinoJson.h:3285:13:bool ArduinoJson::JsonVariant::variantIsInteger() const	16	static
../Core/Inc/ArduinoJson.h:3290:13:bool ArduinoJson::JsonVariant::variantIsFloat() const	16	static
../Core/Inc/ps_time_utils.h:7:21:uint32_t ps::convertUsToMs(uint64_t)	16	static
../Core/Inc/ps_time_utils.h:13:21:uint64_t ps::convertMsToUs(uint32_t)	40	static
../Core/Inc/ps_system_state.h:129:25:static void ps::SystemState::dummyTimerCallback()	4	static
../Core/Inc/ps_keyvalue_command.h:13:11:ps::KeyValueCommand<ps::SystemState>::~KeyValueCommand()	16	static
../Core/Src/ps_system_state.cpp:17:5:ps::SystemState::SystemState()	72	static
../Core/Src/ps_system_state.cpp:33:10:void ps::SystemState::initialize()	2552	static
../Core/Inc/ps_return_status.h:11:11:ps::ReturnStatus::~ReturnStatus()	16	static
../Core/Src/ps_system_state.cpp:97:18:ps::ReturnStatus ps::SystemState::onCommandRunTest(ArduinoJson::JsonObject&, ArduinoJson::JsonObject&)	72	static
../Core/Src/ps_system_state.cpp:141:18:ps::ReturnStatus ps::SystemState::onCommandStopTest(ArduinoJson::JsonObject&, ArduinoJson::JsonObject&)	24	static
../Core/Src/ps_system_state.cpp:149:18:ps::ReturnStatus ps::SystemState::onCommandGetVolt(ArduinoJson::JsonObject&, ArduinoJson::JsonObject&)	32	static
../Core/Src/ps_system_state.cpp:158:18:ps::ReturnStatus ps::SystemState::onCommandSetVolt(ArduinoJson::JsonObject&, ArduinoJson::JsonObject&)	144	static
../Core/Src/ps_system_state.cpp:192:18:ps::ReturnStatus ps::SystemState::onCommandGetCurr(ArduinoJson::JsonObject&, ArduinoJson::JsonObject&)	32	static
../Core/Src/ps_system_state.cpp:201:18:ps::ReturnStatus ps::SystemState::onCommandGetRefVolt(ArduinoJson::JsonObject&, ArduinoJson::JsonObject&)	32	static
../Core/Src/ps_system_state.cpp:210:18:ps::ReturnStatus ps::SystemState::onCommandSetTestParam(ArduinoJson::JsonObject&, ArduinoJson::JsonObject&)	24	static
../Core/Src/ps_system_state.cpp:217:18:ps::ReturnStatus ps::SystemState::onCommandGetTestParam(ArduinoJson::JsonObject&, ArduinoJson::JsonObject&)	24	static
../Core/Inc/ps_return_status.h:11:11:ps::ReturnStatus& ps::ReturnStatus::operator=(ps::ReturnStatus&&)	16	static
../Core/Src/ps_system_state.cpp:224:18:ps::ReturnStatus ps::SystemState::onCommandSetVoltRange(ArduinoJson::JsonObject&, ArduinoJson::JsonObject&)	200	static
../Core/Src/ps_system_state.cpp:242:18:ps::ReturnStatus ps::SystemState::onCommandGetVoltRange(ArduinoJson::JsonObject&, ArduinoJson::JsonObject&)	48	static
../Core/Src/ps_system_state.cpp:250:18:ps::ReturnStatus ps::SystemState::onCommandSetCurrRange(ArduinoJson::JsonObject&, ArduinoJson::JsonObject&)	200	static
../Core/Src/ps_system_state.cpp:268:18:ps::ReturnStatus ps::SystemState::onCommandGetCurrRange(ArduinoJson::JsonObject&, ArduinoJson::JsonObject&)	48	static
../Core/Src/ps_system_state.cpp:276:18:ps::ReturnStatus ps::SystemState::onCommandSetDeviceId(ArduinoJson::JsonObject&, ArduinoJson::JsonObject&)	56	static
../Core/Src/ps_system_state.cpp:290:18:ps::ReturnStatus ps::SystemState::onCommandGetDeviceId(ArduinoJson::JsonObject&, ArduinoJson::JsonObject&)	32	static
../Core/Src/ps_system_state.cpp:303:18:ps::ReturnStatus ps::SystemState::onCommandSetSamplePeriod(ArduinoJson::JsonObject&, ArduinoJson::JsonObject&)	424	static
../Core/Src/ps_system_state.cpp:343:18:ps::ReturnStatus ps::SystemState::onCommandGetSamplePeriod(ArduinoJson::JsonObject&, ArduinoJson::JsonObject&)	40	static
../Core/Src/ps_system_state.cpp:351:18:ps::ReturnStatus ps::SystemState::onCommandGetTestDoneTime(ArduinoJson::JsonObject&, ArduinoJson::JsonObject&)	56	static
../Core/Src/ps_system_state.cpp:359:18:ps::ReturnStatus ps::SystemState::onCommandGetTestNames(ArduinoJson::JsonObject&, ArduinoJson::JsonObject&)	56	static
../Core/Src/ps_system_state.cpp:367:18:ps::ReturnStatus ps::SystemState::onCommandGetVersion(ArduinoJson::JsonObject&, ArduinoJson::JsonObject&)	24	static
../Core/Src/ps_system_state.cpp:375:18:ps::ReturnStatus ps::SystemState::onCommandGetVariant(ArduinoJson::JsonObject&, ArduinoJson::JsonObject&)	24	static
../Core/Src/ps_system_state.cpp:382:18:ps::ReturnStatus ps::SystemState::onCommandSetMuxEnabled(ArduinoJson::JsonObject&, ArduinoJson::JsonObject&)	152	static
../Core/Src/ps_system_state.cpp:421:18:ps::ReturnStatus ps::SystemState::onCommandGetMuxEnabled(ArduinoJson::JsonObject&, ArduinoJson::JsonObject&)	32	static
../Core/Src/ps_system_state.cpp:432:18:ps::ReturnStatus ps::SystemState::onCommandSetEnabledMuxChan(ArduinoJson::JsonObject&, ArduinoJson::JsonObject&)	64	static
../Core/Src/ps_system_state.cpp:500:18:ps::ReturnStatus ps::SystemState::onCommandGetEnabledMuxChan(ArduinoJson::JsonObject&, ArduinoJson::JsonObject&)	64	static
../Core/Src/ps_system_state.cpp:517:18:ps::ReturnStatus ps::SystemState::onCommandGetMuxTestNames(ArduinoJson::JsonObject&, ArduinoJson::JsonObject&)	56	static
../Core/Src/ps_system_state.cpp:524:18:ps::ReturnStatus ps::SystemState::onCommandSetMuxRefElectConn(ArduinoJson::JsonObject&, ArduinoJson::JsonObject&)	64	static
../Core/Src/ps_system_state.cpp:566:18:ps::ReturnStatus ps::SystemState::onCommandGetMuxRefElectConn(ArduinoJson::JsonObject&, ArduinoJson::JsonObject&)	64	static
../Core/Src/ps_system_state.cpp:585:18:ps::ReturnStatus ps::SystemState::onCommandSetMuxCtrElectConn(ArduinoJson::JsonObject&, ArduinoJson::JsonObject&)	64	static
../Core/Src/ps_system_state.cpp:627:18:ps::ReturnStatus ps::SystemState::onCommandGetMuxCtrElectConn(ArduinoJson::JsonObject&, ArduinoJson::JsonObject&)	64	static
../Core/Src/ps_system_state.cpp:646:18:ps::ReturnStatus ps::SystemState::onCommandSetMuxWrkElectConn(ArduinoJson::JsonObject&, ArduinoJson::JsonObject&)	64	static
../Core/Src/ps_system_state.cpp:712:18:ps::ReturnStatus ps::SystemState::onCommandGetMuxWrkElectConn(ArduinoJson::JsonObject&, ArduinoJson::JsonObject&)	64	static
../Core/Src/ps_system_state.cpp:731:18:ps::ReturnStatus ps::SystemState::onCommandDisconnAllMuxElect(ArduinoJson::JsonObject&, ArduinoJson::JsonObject&)	64	static
../Core/Src/ps_system_state.cpp:749:18:ps::ReturnStatus ps::SystemState::onCommandSetRefElectConn(ArduinoJson::JsonObject&, ArduinoJson::JsonObject&)	200	static
../Core/Src/ps_system_state.cpp:781:18:ps::ReturnStatus ps::SystemState::onCommandGetRefElectConn(ArduinoJson::JsonObject&, ArduinoJson::JsonObject&)	32	static
../Core/Src/ps_system_state.cpp:790:18:ps::ReturnStatus ps::SystemState::onCommandSetCtrElectConn(ArduinoJson::JsonObject&, ArduinoJson::JsonObject&)	200	static
../Core/Src/ps_system_state.cpp:822:18:ps::ReturnStatus ps::SystemState::onCommandGetCtrElectConn(ArduinoJson::JsonObject&, ArduinoJson::JsonObject&)	32	static
../Core/Src/ps_system_state.cpp:831:18:ps::ReturnStatus ps::SystemState::onCommandSetWrkElectConn(ArduinoJson::JsonObject&, ArduinoJson::JsonObject&)	200	static
../Core/Src/ps_system_state.cpp:864:18:ps::ReturnStatus ps::SystemState::onCommandGetWrkElectConn(ArduinoJson::JsonObject&, ArduinoJson::JsonObject&)	32	static
../Core/Src/ps_system_state.cpp:873:18:ps::ReturnStatus ps::SystemState::onCommandSetAllElectConn(ArduinoJson::JsonObject&, ArduinoJson::JsonObject&)	200	static
../Core/Src/ps_system_state.cpp:905:18:ps::ReturnStatus ps::SystemState::onCommandGetAllElectConn(ArduinoJson::JsonObject&, ArduinoJson::JsonObject&)	32	static
../Core/Src/ps_system_state.cpp:914:18:ps::ReturnStatus ps::SystemState::onCommandSetElectAutoConn(ArduinoJson::JsonObject&, ArduinoJson::JsonObject&)	200	static
../Core/Src/ps_system_state.cpp:946:18:ps::ReturnStatus ps::SystemState::onCommandGetElectAutoConn(ArduinoJson::JsonObject&, ArduinoJson::JsonObject&)	24	static
../Core/Src/ps_system_state.cpp:955:18:ps::ReturnStatus ps::SystemState::onCommandSetRefElectVoltRange(ArduinoJson::JsonObject&, ArduinoJson::JsonObject&)	200	static
../Core/Src/ps_system_state.cpp:974:18:ps::ReturnStatus ps::SystemState::onCommandGetRefElectVoltRange(ArduinoJson::JsonObject&, ArduinoJson::JsonObject&)	48	static
../Core/Src/ps_system_state.cpp:983:18:ps::ReturnStatus ps::SystemState::onCommandGetHardwareVersion(ArduinoJson::JsonObject&, ArduinoJson::JsonObject&)	24	static
../Core/Src/ps_system_state.cpp:994:10:void ps::SystemState::updateMessageData()	16	static
../Core/Inc/ArduinoJson.h:2689:7:ArduinoJson::StaticJsonBuffer<4000>::~StaticJsonBuffer()	16	static
../Core/Inc/ps_return_status.h:11:11:ps::ReturnStatus::ReturnStatus(const ps::ReturnStatus&)	16	static
../Core/Src/ps_system_state.cpp:1000:10:void ps::SystemState::processMessages()	8208	static
../Core/Src/ps_system_state.cpp:1027:10:void ps::SystemState::serviceDataBuffer()	72	static,ignoring_inline_asm
../Core/Src/ps_system_state.cpp:1067:10:void ps::SystemState::setTestTimerCallback(void (*)())	16	static
../Core/Src/ps_system_state.cpp:1073:10:void ps::SystemState::updateTestOnTimer()	176	static
../Core/Src/ps_system_state.cpp:1150:10:void ps::SystemState::startTest()	40	static
../Core/Src/ps_system_state.cpp:1200:10:void ps::SystemState::stopTest()	16	static
../Core/Src/ps_system_state.cpp:1227:10:void ps::SystemState::setSamplePeriod(uint32_t)	24	static
../Core/Src/ps_system_state.cpp:1235:14:uint32_t ps::SystemState::getSamplePeriod()	16	static
../Core/Src/ps_system_state.cpp:1241:10:void ps::SystemState::updateSampleModulus()	16	static
C:\ST\STM32CubeIDE_1.13.2\STM32CubeIDE\plugins\com.st.stm32cube.ide.mcu.externaltools.gnu-tools-for-stm32.11.3.rel1.win32_1.1.1.202309131626\tools\bin/../lib/gcc/arm-none-eabi/11.3.1/../../../../arm-none-eabi/include/c++/11.3.1/bits/basic_string.h:6172:5:std::__cxx11::basic_string<_CharT, _Traits, _Alloc> std::operator+(std::__cxx11::basic_string<_CharT, _Traits, _Alloc>&&, std::__cxx11::basic_string<_CharT, _Traits, _Alloc>&&) [with _CharT = char; _Traits = std::char_traits<char>; _Alloc = std::allocator<char>]	56	static
../Core/Inc/ArduinoJson.h:1551:3:ArduinoJson::JsonVariant::JsonVariant(T, typename ArduinoJson::Internals::EnableIf<ArduinoJson::Internals::IsFloatingPoint<T>::value>::type*) [with T = float]	24	static
../Core/Inc/ArduinoJson.h:2199:12:ArduinoJson::Internals::List<T>::List(ArduinoJson::JsonBuffer*) [with T = ArduinoJson::JsonPair]	16	static
../Core/Inc/ArduinoJson.h:1954:3:ArduinoJson::Internals::JsonBufferBase<TDerived>::~JsonBufferBase() [with TDerived = ArduinoJson::Internals::StaticJsonBufferBase]	16	static
../Core/Inc/ArduinoJson.h:2200:8:bool ArduinoJson::Internals::List<T>::success() const [with T = ArduinoJson::JsonPair]	16	static
../Core/Inc/ps_command_table.h:44:5:ps::CommandTable<T, MAX_SIZE>::CommandTable(T*) [with T = ps::SystemState; unsigned int MAX_SIZE = 50]	16	static
../Core/Inc/ps_circular_buffer.h:41:5:ps::CircularBuffer<T, MAX_SIZE>::CircularBuffer() [with T = ps::Sample; unsigned int MAX_SIZE = 1000]	40	static
../Core/Inc/ArrayDefinitions.h:12:1:Array<T, MAX_SIZE>::Array() [with T = ps::LowPass; unsigned int MAX_SIZE = 1]	24	static
../Core/Inc/ArrayDefinitions.h:136:6:void Array<T, MAX_SIZE>::push_back(const T&) [with T = ps::LowPass; unsigned int MAX_SIZE = 1]	24	static
../Core/Inc/ps_command_table.h:77:10:void ps::CommandTable<T, MAX_SIZE>::setClient(T*) [with T = ps::SystemState; unsigned int MAX_SIZE = 50]	16	static
../Core/Inc/ps_command_table.h:84:10:void ps::CommandTable<T, MAX_SIZE>::registerMethod(std::string, std::string, ps::ReturnStatus (T::*)(ArduinoJson::JsonObject&, ArduinoJson::JsonObject&)) [with T = ps::SystemState; unsigned int MAX_SIZE = 50]	136	static
../Core/Inc/ArduinoJson.h:2477:8:bool ArduinoJson::JsonObject::set(const TString&, const TValue&) [with TValue = float; TString = std::__cxx11::basic_string<char>]	24	static
../Core/Inc/ArduinoJson.h:2541:8:bool ArduinoJson::JsonObject::containsKey(const TString&) const [with TString = std::__cxx11::basic_string<char>]	24	static
C:\ST\STM32CubeIDE_1.13.2\STM32CubeIDE\plugins\com.st.stm32cube.ide.mcu.externaltools.gnu-tools-for-stm32.11.3.rel1.win32_1.1.1.202309131626\tools\bin/../lib/gcc/arm-none-eabi/11.3.1/../../../../arm-none-eabi/include/c++/11.3.1/bits/basic_string.h:6160:5:std::__cxx11::basic_string<_CharT, _Traits, _Alloc> std::operator+(std::__cxx11::basic_string<_CharT, _Traits, _Alloc>&&, const std::__cxx11::basic_string<_CharT, _Traits, _Alloc>&) [with _CharT = char; _Traits = std::char_traits<char>; _Alloc = std::allocator<char>]	24	static
../Core/Inc/ArduinoJson.h:2456:50:ArduinoJson::Internals::JsonObjectSubscript<const TString&> ArduinoJson::JsonObject::operator[](const TString&) [with TString = std::__cxx11::basic_string<char>]	32	static
../Core/Inc/ArduinoJson.h:2508:51:typename ArduinoJson::Internals::JsonVariantAs<T>::type ArduinoJson::JsonObject::get(const TString&) const [with TValue = float; TString = std::__cxx11::basic_string<char>]	16	static
../Core/Inc/ArduinoJson.h:2508:51:typename ArduinoJson::Internals::JsonVariantAs<T>::type ArduinoJson::JsonObject::get(const TString&) const [with TValue = long int; TString = std::__cxx11::basic_string<char>]	16	static
../Core/Inc/ArduinoJson.h:2477:8:bool ArduinoJson::JsonObject::set(const TString&, const TValue&) [with TValue = std::__cxx11::basic_string<char>; TString = std::__cxx11::basic_string<char>]	24	static
../Core/Inc/ArduinoJson.h:2508:51:typename ArduinoJson::Internals::JsonVariantAs<T>::type ArduinoJson::JsonObject::get(const TString&) const [with TValue = long unsigned int; TString = std::__cxx11::basic_string<char>]	16	static
../Core/Inc/ArduinoJson.h:2477:8:bool ArduinoJson::JsonObject::set(const TString&, const TValue&) [with TValue = long unsigned int; TString = std::__cxx11::basic_string<char>]	24	static
../Core/Inc/ArduinoJson.h:2477:8:bool ArduinoJson::JsonObject::set(const TString&, const TValue&) [with TValue = bool; TString = std::__cxx11::basic_string<char>]	24	static
../Core/Inc/ArduinoJson.h:2508:51:typename ArduinoJson::Internals::JsonVariantAs<T>::type ArduinoJson::JsonObject::get(const TString&) const [with TValue = bool; TString = std::__cxx11::basic_string<char>]	16	static
../Core/Inc/ArduinoJson.h:2691:12:ArduinoJson::StaticJsonBuffer<CAPACITY>::StaticJsonBuffer() [with unsigned int CAPACITY = 4000]	16	static
../Core/Inc/ps_command_table.h:91:18:ps::ReturnStatus ps::CommandTable<T, MAX_SIZE>::apply(std::string, ArduinoJson::JsonObject&, ArduinoJson::JsonObject&) [with T = ps::SystemState; unsigned int MAX_SIZE = 50]	256	static
../Core/Inc/ps_circular_buffer.h:157:12:size_t ps::CircularBuffer<T, MAX_SIZE>::size() const [with T = ps::Sample; unsigned int MAX_SIZE = 1000]	16	static
../Core/Inc/ps_circular_buffer.h:49:8:T& ps::CircularBuffer<T, MAX_SIZE>::front() [with T = ps::Sample; unsigned int MAX_SIZE = 1000]	16	static
../Core/Inc/ps_circular_buffer.h:108:10:void ps::CircularBuffer<T, MAX_SIZE>::pop_front() [with T = ps::Sample; unsigned int MAX_SIZE = 1000]	16	static
../Core/Inc/ArrayDefinitions.h:41:5:T& Array<T, MAX_SIZE>::operator[](size_t) [with T = ps::LowPass; unsigned int MAX_SIZE = 1]	16	static
../Core/Inc/ps_circular_buffer.h:79:10:void ps::CircularBuffer<T, MAX_SIZE>::push_back(const T&) [with T = ps::Sample; unsigned int MAX_SIZE = 1000]	24	static
C:\ST\STM32CubeIDE_1.13.2\STM32CubeIDE\plugins\com.st.stm32cube.ide.mcu.externaltools.gnu-tools-for-stm32.11.3.rel1.win32_1.1.1.202309131626\tools\bin/../lib/gcc/arm-none-eabi/11.3.1/../../../../arm-none-eabi/include/c++/11.3.1/bits/allocator.h:204:7:bool std::operator==(const std::allocator<char>&, const std::allocator<char>&)	16	static
C:\ST\STM32CubeIDE_1.13.2\STM32CubeIDE\plugins\com.st.stm32cube.ide.mcu.externaltools.gnu-tools-for-stm32.11.3.rel1.win32_1.1.1.202309131626\tools\bin/../lib/gcc/arm-none-eabi/11.3.1/../../../../arm-none-eabi/include/c++/11.3.1/bits/move.h:104:5:constexpr typename std::remove_reference<_Tp>::type&& std::move(_Tp&&) [with _Tp = std::__cxx11::basic_string<char>&]	16	static
../Core/Inc/ArrayDefinitions.h:12:1:Array<T, MAX_SIZE>::Array() [with T = ps::KeyValueCommand<ps::SystemState>; unsigned int MAX_SIZE = 50]	24	static
../Core/Inc/ArrayDefinitions.h:12:1:Array<T, MAX_SIZE>::Array() [with T = ps::Sample; unsigned int MAX_SIZE = 1001]	16	static
../Core/Inc/ArrayDefinitions.h:78:6:void Array<T, MAX_SIZE>::fill(const U&) [with U = ps::Sample; T = ps::Sample; unsigned int MAX_SIZE = 1001]	16	static
../Core/Inc/ps_keyvalue_command.h:36:5:ps::KeyValueCommand<T>::KeyValueCommand(std::string, std::string, ps::ReturnStatus (T::*)(ArduinoJson::JsonObject&, ArduinoJson::JsonObject&)) [with T = ps::SystemState]	24	static
../Core/Inc/ps_keyvalue_command.h:13:11:ps::KeyValueCommand<ps::SystemState>& ps::KeyValueCommand<ps::SystemState>::operator=(const ps::KeyValueCommand<ps::SystemState>&)	16	static
../Core/Inc/ArrayDefinitions.h:136:6:void Array<T, MAX_SIZE>::push_back(const T&) [with T = ps::KeyValueCommand<ps::SystemState>; unsigned int MAX_SIZE = 50]	16	static
../Core/Inc/ArduinoJson.h:2582:8:bool ArduinoJson::JsonObject::set_impl(TStringRef, TValueRef) [with TStringRef = const std::__cxx11::basic_string<char>&; TValueRef = const float&]	48	static
../Core/Inc/ArduinoJson.h:2571:18:ArduinoJson::Internals::List<ArduinoJson::JsonPair>::const_iterator ArduinoJson::JsonObject::findKey(TStringRef) const [with TStringRef = const std::__cxx11::basic_string<char>&]	24	static
../Core/Inc/ArduinoJson.h:2228:18:ArduinoJson::Internals::List<T>::const_iterator ArduinoJson::Internals::List<T>::end() const [with T = ArduinoJson::JsonPair]	24	static
../Core/Inc/ArduinoJson.h:2131:8:bool ArduinoJson::Internals::ListConstIterator<T>::operator!=(const ArduinoJson::Internals::ListConstIterator<T>&) const [with T = ArduinoJson::JsonPair]	16	static
../Core/Inc/ArduinoJson.h:2517:8:bool ArduinoJson::JsonObject::is(const TString&) const [with TValue = float; TString = std::__cxx11::basic_string<char>]	16	static
../Core/Inc/ArduinoJson.h:2517:8:bool ArduinoJson::JsonObject::is(const TString&) const [with TValue = long int; TString = std::__cxx11::basic_string<char>]	16	static
../Core/Inc/ArduinoJson.h:2575:51:typename ArduinoJson::Internals::JsonVariantAs<TValue>::type ArduinoJson::JsonObject::get_impl(TStringRef) const [with TStringRef = const std::__cxx11::basic_string<char>&; TValue = float]	24	static
../Core/Inc/ArduinoJson.h:2575:51:typename ArduinoJson::Internals::JsonVariantAs<TValue>::type ArduinoJson::JsonObject::get_impl(TStringRef) const [with TStringRef = const std::__cxx11::basic_string<char>&; TValue = long int]	24	static
../Core/Inc/ArduinoJson.h:265:16:const TImpl* ArduinoJson::Internals::JsonVariantCasts<TImpl>::impl() const [with TImpl = ArduinoJson::Internals::JsonObjectSubscript<const std::__cxx11::basic_string<char>&>]	16	static
../Core/Inc/ArduinoJson.h:2582:8:bool ArduinoJson::JsonObject::set_impl(TStringRef, TValueRef) [with TStringRef = const std::__cxx11::basic_string<char>&; TValueRef = const std::__cxx11::basic_string<char>&]	48	static
../Core/Inc/ArduinoJson.h:2517:8:bool ArduinoJson::JsonObject::is(const TString&) const [with TValue = long unsigned int; TString = std::__cxx11::basic_string<char>]	16	static
../Core/Inc/ArduinoJson.h:2575:51:typename ArduinoJson::Internals::JsonVariantAs<TValue>::type ArduinoJson::JsonObject::get_impl(TStringRef) const [with TStringRef = const std::__cxx11::basic_string<char>&; TValue = long unsigned int]	24	static
../Core/Inc/ArduinoJson.h:2582:8:bool ArduinoJson::JsonObject::set_impl(TStringRef, TValueRef) [with TStringRef = const std::__cxx11::basic_string<char>&; TValueRef = const long unsigned int&]	48	static
../Core/Inc/ArduinoJson.h:2517:8:bool ArduinoJson::JsonObject::is(const TString&) const [with TValue = bool; TString = std::__cxx11::basic_string<char>]	16	static
../Core/Inc/ArduinoJson.h:2582:8:bool ArduinoJson::JsonObject::set_impl(TStringRef, TValueRef) [with TStringRef = const std::__cxx11::basic_string<char>&; TValueRef = const bool&]	48	static
../Core/Inc/ArduinoJson.h:2575:51:typename ArduinoJson::Internals::JsonVariantAs<TValue>::type ArduinoJson::JsonObject::get_impl(TStringRef) const [with TStringRef = const std::__cxx11::basic_string<char>&; TValue = bool]	24	static
../Core/Inc/ArduinoJson.h:2545:8:bool ArduinoJson::JsonObject::containsKey(TString*) const [with TString = const char]	24	static
../Core/Inc/ArrayDefinitions.h:154:8:size_t Array<T, MAX_SIZE>::size() const [with T = ps::KeyValueCommand<ps::SystemState>; unsigned int MAX_SIZE = 50]	16	static
../Core/Inc/ArrayDefinitions.h:41:5:T& Array<T, MAX_SIZE>::operator[](size_t) [with T = ps::KeyValueCommand<ps::SystemState>; unsigned int MAX_SIZE = 50]	16	static
../Core/Inc/ps_keyvalue_command.h:56:12:std::string ps::KeyValueCommand<T>::value() [with T = ps::SystemState]	16	static
../Core/Inc/ArduinoJson.h:2477:8:bool ArduinoJson::JsonObject::set(const TString&, const TValue&) [with TValue = ArduinoJson::Internals::JsonObjectSubscript<const std::__cxx11::basic_string<char>&>; TString = std::__cxx11::basic_string<char>]	24	static
../Core/Inc/ps_keyvalue_command.h:77:18:ps::ReturnStatus ps::KeyValueCommand<T>::applyMethod(T*, ArduinoJson::JsonObject&, ArduinoJson::JsonObject&) [with T = ps::SystemState]	64	static
../Core/Inc/ArrayDefinitions.h:41:5:T& Array<T, MAX_SIZE>::operator[](size_t) [with T = ps::Sample; unsigned int MAX_SIZE = 1001]	16	static
../Core/Inc/ps_circular_buffer.h:150:10:bool ps::CircularBuffer<T, MAX_SIZE>::full() const [with T = ps::Sample; unsigned int MAX_SIZE = 1000]	16	static
../Core/Inc/ps_keyvalue_command.h:16:13:ps::KeyValueCommand<T>::KeyValueCommand() [with T = ps::SystemState]	16	static
../Core/Inc/ArrayDefinitions.h:99:6:void Array<T, MAX_SIZE>::assign(size_t, const U&) [with U = ps::Sample; T = ps::Sample; unsigned int MAX_SIZE = 1001]	40	static
../Core/Inc/ArduinoJson.h:548:15:static bool ArduinoJson::Internals::StdStringTraits<TString>::is_null(const TString&) [with TString = std::__cxx11::basic_string<char>]	16	static
../Core/Inc/ArduinoJson.h:2563:12:ArduinoJson::Internals::List<ArduinoJson::JsonPair>::iterator ArduinoJson::JsonObject::findKey(TStringRef) [with TStringRef = const std::__cxx11::basic_string<char>&]	24	static
../Core/Inc/ArduinoJson.h:2165:8:bool ArduinoJson::Internals::ListIterator<T>::operator==(const ArduinoJson::Internals::ListIterator<T>&) const [with T = ArduinoJson::JsonPair]	16	static
../Core/Inc/ArduinoJson.h:2222:12:ArduinoJson::Internals::List<T>::iterator ArduinoJson::Internals::List<T>::end() [with T = ArduinoJson::JsonPair]	24	static
../Core/Inc/ArduinoJson.h:2208:12:ArduinoJson::Internals::List<T>::iterator ArduinoJson::Internals::List<T>::add() [with T = ArduinoJson::JsonPair]	40	static
../Core/Inc/ArduinoJson.h:2162:6:T* ArduinoJson::Internals::ListIterator<T>::operator->() [with T = ArduinoJson::JsonPair]	16	static
../Core/Inc/ArduinoJson.h:2275:15:static bool ArduinoJson::Internals::ValueSaver<Source, typename ArduinoJson::Internals::EnableIf<ArduinoJson::Internals::StringTraits<TString>::should_duplicate>::type>::save(ArduinoJson::JsonBuffer*, Destination&, Source) [with Destination = const char*; Source = const std::__cxx11::basic_string<char>&]	32	static
../Core/Inc/ArduinoJson.h:2266:15:static bool ArduinoJson::Internals::ValueSaver<Source, Enable>::save(ArduinoJson::JsonBuffer*, Destination&, Source) [with Destination = ArduinoJson::JsonVariant; Source = const float&; Enable = void]	48	static
../Core/Inc/ArduinoJson.h:2182:3:ArduinoJson::Internals::ListIterator<T>::operator ArduinoJson::Internals::ListConstIterator<T>() const [with T = ArduinoJson::JsonPair]	24	static
../Core/Inc/ArduinoJson.h:2121:12:ArduinoJson::Internals::ListConstIterator<T>::ListConstIterator(const ArduinoJson::Internals::ListNode<T>*) [with T = ArduinoJson::JsonPair]	16	static
../Core/Inc/ArduinoJson.h:2595:8:bool ArduinoJson::JsonObject::is_impl(TStringRef) const [with TStringRef = const std::__cxx11::basic_string<char>&; TValue = float]	24	static
../Core/Inc/ArduinoJson.h:2595:8:bool ArduinoJson::JsonObject::is_impl(TStringRef) const [with TStringRef = const std::__cxx11::basic_string<char>&; TValue = long int]	24	static
../Core/Inc/ArduinoJson.h:2125:12:const T* ArduinoJson::Internals::ListConstIterator<T>::operator->() [with T = ArduinoJson::JsonPair]	16	static
../Core/Inc/ArduinoJson.h:1616:3:const typename ArduinoJson::Internals::EnableIf<ArduinoJson::Internals::IsFloatingPoint<T>::value, T>::type ArduinoJson::JsonVariant::as() const [with T = float]	16	static
../Core/Inc/ArduinoJson.h:163:12:static T ArduinoJson::Internals::JsonVariantDefault<T>::get() [with T = float]	4	static
../Core/Inc/ArduinoJson.h:1605:3:const typename ArduinoJson::Internals::EnableIf<ArduinoJson::Internals::IsIntegral<T>::value, Integer>::type ArduinoJson::JsonVariant::as() const [with T = long int]	16	static
../Core/Inc/ArduinoJson.h:163:12:static T ArduinoJson::Internals::JsonVariantDefault<T>::get() [with T = long int]	4	static
../Core/Inc/ArduinoJson.h:2508:51:typename ArduinoJson::Internals::JsonVariantAs<T>::type ArduinoJson::JsonObject::get(const TString&) const [with TValue = const char*; TString = std::__cxx11::basic_string<char>]	16	static
../Core/Inc/ArduinoJson.h:2275:15:static bool ArduinoJson::Internals::ValueSaver<Source, typename ArduinoJson::Internals::EnableIf<ArduinoJson::Internals::StringTraits<TString>::should_duplicate>::type>::save(ArduinoJson::JsonBuffer*, Destination&, Source) [with Destination = ArduinoJson::JsonVariant; Source = const std::__cxx11::basic_string<char>&]	72	static
../Core/Inc/ArduinoJson.h:2595:8:bool ArduinoJson::JsonObject::is_impl(TStringRef) const [with TStringRef = const std::__cxx11::basic_string<char>&; TValue = long unsigned int]	24	static
../Core/Inc/ArduinoJson.h:1605:3:const typename ArduinoJson::Internals::EnableIf<ArduinoJson::Internals::IsIntegral<T>::value, Integer>::type ArduinoJson::JsonVariant::as() const [with T = long unsigned int]	16	static
../Core/Inc/ArduinoJson.h:163:12:static T ArduinoJson::Internals::JsonVariantDefault<T>::get() [with T = long unsigned int]	4	static
../Core/Inc/ArduinoJson.h:2266:15:static bool ArduinoJson::Internals::ValueSaver<Source, Enable>::save(ArduinoJson::JsonBuffer*, Destination&, Source) [with Destination = ArduinoJson::JsonVariant; Source = const long unsigned int&; Enable = void]	48	static
../Core/Inc/ArduinoJson.h:2595:8:bool ArduinoJson::JsonObject::is_impl(TStringRef) const [with TStringRef = const std::__cxx11::basic_string<char>&; TValue = bool]	24	static
../Core/Inc/ArduinoJson.h:2266:15:static bool ArduinoJson::Internals::ValueSaver<Source, Enable>::save(ArduinoJson::JsonBuffer*, Destination&, Source) [with Destination = ArduinoJson::JsonVariant; Source = const bool&; Enable = void]	48	static
../Core/Inc/ArduinoJson.h:1610:3:const typename ArduinoJson::Internals::EnableIf<ArduinoJson::Internals::IsSame<T, bool>::value, T>::type ArduinoJson::JsonVariant::as() const [with T = bool]	16	static
../Core/Inc/ArduinoJson.h:163:12:static T ArduinoJson::Internals::JsonVariantDefault<T>::get() [with T = bool]	4	static
../Core/Inc/ArduinoJson.h:2571:18:ArduinoJson::Internals::List<ArduinoJson::JsonPair>::const_iterator ArduinoJson::JsonObject::findKey(TStringRef) const [with TStringRef = const char*]	24	static
../Core/Inc/ArduinoJson.h:2582:8:bool ArduinoJson::JsonObject::set_impl(TStringRef, TValueRef) [with TStringRef = const std::__cxx11::basic_string<char>&; TValueRef = const ArduinoJson::Internals::JsonObjectSubscript<const std::__cxx11::basic_string<char>&>&]	48	static
../Core/Inc/ArduinoJson.h:2158:12:ArduinoJson::Internals::ListIterator<T>::ListIterator(ArduinoJson::Internals::ListNode<T>*) [with T = ArduinoJson::JsonPair]	16	static
../Core/Inc/ArduinoJson.h:2219:12:ArduinoJson::Internals::List<T>::iterator ArduinoJson::Internals::List<T>::begin() [with T = ArduinoJson::JsonPair]	24	static
../Core/Inc/ArduinoJson.h:2168:8:bool ArduinoJson::Internals::ListIterator<T>::operator!=(const ArduinoJson::Internals::ListIterator<T>&) const [with T = ArduinoJson::JsonPair]	16	static
../Core/Inc/ArduinoJson.h:2171:20:ArduinoJson::Internals::ListIterator<T>& ArduinoJson::Internals::ListIterator<T>::operator++() [with T = ArduinoJson::JsonPair]	16	static
../Core/Inc/ArduinoJson.h:554:15:static bool ArduinoJson::Internals::StdStringTraits<TString>::equals(const TString&, const char*) [with TString = std::__cxx11::basic_string<char>]	24	static
../Core/Inc/ArduinoJson.h:2433:8:ArduinoJson::JsonPair::JsonPair()	16	static
../Core/Inc/ArduinoJson.h:2110:3:ArduinoJson::Internals::ListNode<T>::ListNode() [with T = ArduinoJson::JsonPair]	16	static
../Core/Inc/ArduinoJson.h:541:22:static const char* ArduinoJson::Internals::StdStringTraits<TString>::duplicate(const TString&, Buffer*) [with Buffer = ArduinoJson::JsonBuffer; TString = std::__cxx11::basic_string<char>]	24	static
../Core/Inc/ArduinoJson.h:1680:3:typename ArduinoJson::Internals::EnableIf<ArduinoJson::Internals::IsFloatingPoint<T>::value, bool>::type ArduinoJson::JsonVariant::is() const [with T = float]	16	static
../Core/Inc/ArduinoJson.h:1674:77:typename ArduinoJson::Internals::EnableIf<ArduinoJson::Internals::IsIntegral<T>::value, bool>::type ArduinoJson::JsonVariant::is() const [with T = long int]	16	static
../Core/Inc/ArduinoJson.h:3261:10:T ArduinoJson::JsonVariant::variantAsFloat() const [with T = float]	16	static
../Core/Inc/ArduinoJson.h:3235:10:T ArduinoJson::JsonVariant::variantAsInteger() const [with T = long int]	16	static
../Core/Inc/ArduinoJson.h:2575:51:typename ArduinoJson::Internals::JsonVariantAs<TValue>::type ArduinoJson::JsonObject::get_impl(TStringRef) const [with TStringRef = const std::__cxx11::basic_string<char>&; TValue = const char*]	24	static
../Core/Inc/ArduinoJson.h:1590:3:ArduinoJson::JsonVariant::JsonVariant(const TChar*, typename ArduinoJson::Internals::EnableIf<ArduinoJson::Internals::IsChar<T>::value>::type*) [with TChar = char]	24	static
../Core/Inc/ArduinoJson.h:1674:77:typename ArduinoJson::Internals::EnableIf<ArduinoJson::Internals::IsIntegral<T>::value, bool>::type ArduinoJson::JsonVariant::is() const [with T = long unsigned int]	16	static
../Core/Inc/ArduinoJson.h:3235:10:T ArduinoJson::JsonVariant::variantAsInteger() const [with T = long unsigned int]	16	static
../Core/Inc/ArduinoJson.h:1582:3:ArduinoJson::JsonVariant::JsonVariant(T, typename ArduinoJson::Internals::EnableIf<ArduinoJson::Internals::IsUnsignedIntegral<T>::value>::type*) [with T = long unsigned int]	32	static
../Core/Inc/ArduinoJson.h:1685:3:typename ArduinoJson::Internals::EnableIf<ArduinoJson::Internals::IsSame<T, bool>::value, bool>::type ArduinoJson::JsonVariant::is() const [with T = bool]	16	static
../Core/Inc/ArduinoJson.h:3235:10:T ArduinoJson::JsonVariant::variantAsInteger() const [with T = int]	16	static
../Core/Inc/ArduinoJson.h:2563:12:ArduinoJson::Internals::List<ArduinoJson::JsonPair>::iterator ArduinoJson::JsonObject::findKey(TStringRef) [with TStringRef = const char*]	24	static
../Core/Inc/ArduinoJson.h:2266:15:static bool ArduinoJson::Internals::ValueSaver<Source, Enable>::save(ArduinoJson::JsonBuffer*, Destination&, Source) [with Destination = ArduinoJson::JsonVariant; Source = const ArduinoJson::Internals::JsonObjectSubscript<const std::__cxx11::basic_string<char>&>&; Enable = void]	56	static
../Core/Inc/ArduinoJson.h:3118:10:T ArduinoJson::Internals::parseFloat(const char*) [with T = float]	40	static
../Core/Inc/ArduinoJson.h:3187:3:T ArduinoJson::Internals::parseInteger(const char*) [with T = long int]	24	static
../Core/Inc/ArduinoJson.h:1623:3:typename ArduinoJson::Internals::EnableIf<(ArduinoJson::Internals::IsSame<T, const char*>::value || ArduinoJson::Internals::IsSame<T, char*>::value), const char*>::type ArduinoJson::JsonVariant::as() const [with T = const char*]	16	static
../Core/Inc/ArduinoJson.h:163:12:static T ArduinoJson::Internals::JsonVariantDefault<T>::get() [with T = const char*]	4	static
../Core/Inc/ArduinoJson.h:3187:3:T ArduinoJson::Internals::parseInteger(const char*) [with T = long unsigned int]	24	static
../Core/Inc/ArduinoJson.h:3187:3:T ArduinoJson::Internals::parseInteger(const char*) [with T = int]	24	static
../Core/Inc/ArduinoJson.h:418:15:static bool ArduinoJson::Internals::CharPointerTraits<TChar>::equals(const TChar*, const char*) [with TChar = const char]	24	static
../Core/Inc/ArduinoJson.h:1670:3:typename ArduinoJson::Internals::EnableIf<ArduinoJson::Internals::IsSame<T, ArduinoJson::JsonVariant>::value, T>::type ArduinoJson::JsonVariant::as() const [with T = ArduinoJson::JsonVariant]	16	static
../Core/Inc/ArduinoJson.h:163:12:static T ArduinoJson::Internals::JsonVariantDefault<T>::get() [with T = ArduinoJson::JsonVariant]	16	static
../Core/Inc/ArduinoJson.h:1052:12:static T ArduinoJson::Internals::FloatTraits<T, 4>::nan() [with T = float]	8	static
../Core/Inc/ArduinoJson.h:1055:12:static T ArduinoJson::Internals::FloatTraits<T, 4>::inf() [with T = float]	8	static
../Core/Inc/ArduinoJson.h:1017:12:static T ArduinoJson::Internals::FloatTraits<T, 4>::make_float(T, TExponent) [with TExponent = int; T = float]	24	static
../Core/Inc/ArduinoJson.h:1044:12:static T ArduinoJson::Internals::FloatTraits<T, 4>::forge(uint32_t) [with T = float]	24	static
../Core/Inc/ArduinoJson.h:1032:12:static T ArduinoJson::Internals::FloatTraits<T, 4>::positiveBinaryPowerOfTen(int) [with T = float]	16	static
../Core/Inc/ArduinoJson.h:1036:12:static T ArduinoJson::Internals::FloatTraits<T, 4>::negativeBinaryPowerOfTen(int) [with T = float]	16	static
../Core/Inc/ArduinoJson.h:2508:51:typename ArduinoJson::Internals::JsonVariantAs<T>::type ArduinoJson::JsonObject::get(const TString&) const [with TValue = ArduinoJson::JsonVariant; TString = std::__cxx11::basic_string<char>]	24	static
../Core/Inc/ArduinoJson.h:2575:51:typename ArduinoJson::Internals::JsonVariantAs<TValue>::type ArduinoJson::JsonObject::get_impl(TStringRef) const [with TStringRef = const std::__cxx11::basic_string<char>&; TValue = ArduinoJson::JsonVariant]	32	static
../Core/Src/ps_system_state.cpp:1246:1:void __static_initialization_and_destruction_0(int, int)	64	static
../Core/Src/ps_system_state.cpp:1246:1:cpp)	8	static
../Core/Src/ps_system_state.cpp:1246:1:cpp)	8	static
