C:\ST\STM32CubeIDE_1.13.2\STM32CubeIDE\plugins\com.st.stm32cube.ide.mcu.externaltools.gnu-tools-for-stm32.11.3.rel1.win32_1.1.1.202309131626\tools\arm-none-eabi\include\c++\11.3.1\arm-none-eabi\thumb\v7e-m+fp\hard\bits\gthr-default.h:229:1:int __gthread_key_delete(__gthread_key_t)	16	static
../Core/Inc/ps_return_status.h:16:13:ps::ReturnStatus::ReturnStatus()	16	static
../Core/Inc/ArduinoJson.h:20:3:ArduinoJson::Internals::NonCopyable::NonCopyable()	16	static
../Core/Inc/ArduinoJson.h:1544:3:ArduinoJson::JsonVariant::JsonVariant()	16	static
../Core/Inc/ArduinoJson.h:1727:8:bool ArduinoJson::JsonVariant::variantIsArray() const	16	static
../Core/Inc/ArduinoJson.h:2098:9:static void* ArduinoJson::Internals::JsonBufferAllocated::operator new(size_t, ArduinoJson::JsonBuffer*)	16	static
../Core/Inc/ArduinoJson.h:2312:12:ArduinoJson::JsonArray::JsonArray(ArduinoJson::JsonBuffer*)	16	static
../Core/Inc/ArduinoJson.h:2358:21:static ArduinoJson::JsonArray& ArduinoJson::JsonArray::invalid()	8	static
../Core/Inc/ArduinoJson.h:2426:21:static ArduinoJson::JsonArray& ArduinoJson::Internals::JsonVariantDefault<ArduinoJson::JsonArray>::get()	8	static
../Core/Inc/ArduinoJson.h:2954:38:ArduinoJson::Internals::JsonArraySubscript ArduinoJson::JsonArray::operator[](size_t)	32	static
../Core/Inc/ArduinoJson.h:2966:19:ArduinoJson::JsonArray& ArduinoJson::JsonArray::createNestedArray()	24	static
../Core/Inc/ArduinoJson.h:2979:32:ArduinoJson::JsonArray& ArduinoJson::JsonBuffer::createArray()	32	static
../Core/Inc/ArduinoJson.h:3074:13:bool ArduinoJson::Internals::isdigit(char)	16	static
../Core/Inc/ArduinoJson.h:3077:13:bool ArduinoJson::Internals::issign(char)	16	static
../Core/Inc/ArduinoJson.h:3084:13:bool ArduinoJson::Internals::isFloat(const char*)	16	static
../Core/Inc/ArduinoJson.h:3107:13:bool ArduinoJson::Internals::isInteger(const char*)	16	static
../Core/Inc/ArduinoJson.h:3210:8:ArduinoJson::JsonVariant::JsonVariant(const ArduinoJson::JsonArray&)	16	static
../Core/Inc/ArduinoJson.h:3226:19:ArduinoJson::JsonArray& ArduinoJson::JsonVariant::variantAsArray() const	16	static
../Core/Inc/ArduinoJson.h:3252:20:const char* ArduinoJson::JsonVariant::variantAsString() const	16	static
../Core/Inc/ArduinoJson.h:3285:13:bool ArduinoJson::JsonVariant::variantIsInteger() const	16	static
../Core/Inc/ArduinoJson.h:3290:13:bool ArduinoJson::JsonVariant::variantIsFloat() const	16	static
../Core/Inc/ps_time_utils.h:7:21:uint32_t ps::convertUsToMs(uint64_t)	16	static
../Core/Inc/ps_time_utils.h:13:21:uint64_t ps::convertMsToUs(uint32_t)	40	static
../Core/Src/ps_voltammetry.cpp:11:5:ps::Voltammetry::Voltammetry()	80	static
../Core/Src/ps_voltammetry.cpp:26:15:ps::BaseTest* ps::Voltammetry::getTest(std::string)	56	static
../Core/Inc/ps_return_status.h:11:11:ps::ReturnStatus::~ReturnStatus()	16	static
../Core/Src/ps_voltammetry.cpp:43:18:ps::ReturnStatus ps::Voltammetry::getTest(ArduinoJson::JsonObject&, ArduinoJson::JsonObject&, ps::BaseTest*&)	184	static
../Core/Inc/ps_return_status.h:11:11:ps::ReturnStatus& ps::ReturnStatus::operator=(ps::ReturnStatus&&)	16	static
../Core/Src/ps_voltammetry.cpp:66:18:ps::ReturnStatus ps::Voltammetry::getParam(ArduinoJson::JsonObject&, ArduinoJson::JsonObject&)	128	static
../Core/Src/ps_voltammetry.cpp:88:18:ps::ReturnStatus ps::Voltammetry::setParam(ArduinoJson::JsonObject&, ArduinoJson::JsonObject&)	184	static
../Core/Src/ps_voltammetry.cpp:115:18:ps::ReturnStatus ps::Voltammetry::getTestDoneTime(ArduinoJson::JsonObject&, ArduinoJson::JsonObject&)	192	static
../Core/Src/ps_voltammetry.cpp:145:18:ps::ReturnStatus ps::Voltammetry::getTestNames(ArduinoJson::JsonObject&, ArduinoJson::JsonObject&)	56	static
../Core/Src/ps_voltammetry.cpp:157:18:ps::ReturnStatus ps::Voltammetry::getMuxTestNames(ArduinoJson::JsonObject&, ArduinoJson::JsonObject&)	56	static
../Core/Src/ps_voltammetry.cpp:172:10:void ps::Voltammetry::setSamplePeriod(uint64_t)	40	static
../Core/Inc/ArduinoJson.h:1551:3:ArduinoJson::JsonVariant::JsonVariant(T, typename ArduinoJson::Internals::EnableIf<ArduinoJson::Internals::IsFloatingPoint<T>::value>::type*) [with T = float]	24	static
../Core/Inc/ArduinoJson.h:2199:12:ArduinoJson::Internals::List<T>::List(ArduinoJson::JsonBuffer*) [with T = ArduinoJson::JsonVariant]	16	static
../Core/Inc/ArduinoJson.h:2203:10:size_t ArduinoJson::Internals::List<T>::size() const [with T = ArduinoJson::JsonVariant]	24	static
../Core/Inc/ArduinoJson.h:2317:8:bool ArduinoJson::JsonArray::add(const T&) [with T = ArduinoJson::JsonArray]	16	static
../Core/Inc/ArduinoJson.h:2200:8:bool ArduinoJson::Internals::List<T>::success() const [with T = ArduinoJson::JsonVariant]	16	static
../Core/Inc/ps_multistep_test.h:63:5:ps::MultiStepTest<MAX_SIZE>::MultiStepTest(size_t) [with unsigned int MAX_SIZE = 2]	64	static
../Core/Inc/ps_multistep_test.h:63:5:ps::MultiStepTest<MAX_SIZE>::MultiStepTest(size_t) [with unsigned int MAX_SIZE = 50]	64	static
../Core/Inc/ArrayDefinitions.h:12:1:Array<T, MAX_SIZE>::Array() [with T = ps::BaseTest*; unsigned int MAX_SIZE = 20]	16	static
../Core/Inc/ps_multistep_test.h:130:10:void ps::MultiStepTest<MAX_SIZE>::setNumStep(size_t) [with unsigned int MAX_SIZE = 2]	40	static
../Core/Inc/ArrayDefinitions.h:136:6:void Array<T, MAX_SIZE>::push_back(const T&) [with T = ps::BaseTest*; unsigned int MAX_SIZE = 20]	16	static
../Core/Inc/ArrayDefinitions.h:154:8:size_t Array<T, MAX_SIZE>::size() const [with T = ps::BaseTest*; unsigned int MAX_SIZE = 20]	16	static
../Core/Inc/ArrayDefinitions.h:41:5:T& Array<T, MAX_SIZE>::operator[](size_t) [with T = ps::BaseTest*; unsigned int MAX_SIZE = 20]	16	static
../Core/Inc/ArduinoJson.h:2541:8:bool ArduinoJson::JsonObject::containsKey(const TString&) const [with TString = std::__cxx11::basic_string<char>]	24	static
../Core/Inc/ArduinoJson.h:2456:50:ArduinoJson::Internals::JsonObjectSubscript<const TString&> ArduinoJson::JsonObject::operator[](const TString&) [with TString = std::__cxx11::basic_string<char>]	32	static
../Core/Inc/ArduinoJson.h:2477:8:bool ArduinoJson::JsonObject::set(const TString&, const TValue&) [with TValue = ArduinoJson::Internals::JsonObjectSubscript<const std::__cxx11::basic_string<char>&>; TString = std::__cxx11::basic_string<char>]	24	static
C:\ST\STM32CubeIDE_1.13.2\STM32CubeIDE\plugins\com.st.stm32cube.ide.mcu.externaltools.gnu-tools-for-stm32.11.3.rel1.win32_1.1.1.202309131626\tools\bin/../lib/gcc/arm-none-eabi/11.3.1/../../../../arm-none-eabi/include/c++/11.3.1/bits/basic_string.h:6160:5:std::__cxx11::basic_string<_CharT, _Traits, _Alloc> std::operator+(std::__cxx11::basic_string<_CharT, _Traits, _Alloc>&&, const std::__cxx11::basic_string<_CharT, _Traits, _Alloc>&) [with _CharT = char; _Traits = std::char_traits<char>; _Alloc = std::allocator<char>]	24	static
C:\ST\STM32CubeIDE_1.13.2\STM32CubeIDE\plugins\com.st.stm32cube.ide.mcu.externaltools.gnu-tools-for-stm32.11.3.rel1.win32_1.1.1.202309131626\tools\bin/../lib/gcc/arm-none-eabi/11.3.1/../../../../arm-none-eabi/include/c++/11.3.1/bits/basic_string.h:6166:5:std::__cxx11::basic_string<_CharT, _Traits, _Alloc> std::operator+(const std::__cxx11::basic_string<_CharT, _Traits, _Alloc>&, std::__cxx11::basic_string<_CharT, _Traits, _Alloc>&&) [with _CharT = char; _Traits = std::char_traits<char>; _Alloc = std::allocator<char>]	24	static
../Core/Inc/ArduinoJson.h:2477:8:bool ArduinoJson::JsonObject::set(const TString&, const TValue&) [with TValue = std::__cxx11::basic_string<char>; TString = std::__cxx11::basic_string<char>]	24	static
../Core/Inc/ArduinoJson.h:2477:8:bool ArduinoJson::JsonObject::set(const TString&, const TValue&) [with TValue = long unsigned int; TString = std::__cxx11::basic_string<char>]	24	static
../Core/Inc/ArduinoJson.h:2525:14:ArduinoJson::JsonArray& ArduinoJson::JsonObject::createNestedArray(const TString&) [with TString = std::__cxx11::basic_string<char>]	16	static
../Core/Inc/ArduinoJson.h:2317:8:bool ArduinoJson::JsonArray::add(const T&) [with T = std::__cxx11::basic_string<char>]	16	static
C:\ST\STM32CubeIDE_1.13.2\STM32CubeIDE\plugins\com.st.stm32cube.ide.mcu.externaltools.gnu-tools-for-stm32.11.3.rel1.win32_1.1.1.202309131626\tools\bin/../lib/gcc/arm-none-eabi/11.3.1/../../../../arm-none-eabi/include/c++/11.3.1/bits/move.h:104:5:constexpr typename std::remove_reference<_Tp>::type&& std::move(_Tp&&) [with _Tp = std::__cxx11::basic_string<char>&]	16	static
../Core/Inc/ArduinoJson.h:2158:12:ArduinoJson::Internals::ListIterator<T>::ListIterator(ArduinoJson::Internals::ListNode<T>*) [with T = ArduinoJson::JsonVariant]	16	static
../Core/Inc/ArduinoJson.h:2417:8:bool ArduinoJson::JsonArray::add_impl(TValueRef) [with TValueRef = const ArduinoJson::JsonArray&]	32	static
../Core/Inc/ArrayDefinitions.h:12:1:Array<T, MAX_SIZE>::Array() [with T = float; unsigned int MAX_SIZE = 2]	16	static
../Core/Inc/ArrayDefinitions.h:12:1:Array<T, MAX_SIZE>::Array() [with T = long long unsigned int; unsigned int MAX_SIZE = 2]	16	static
../Core/Inc/ArrayDefinitions.h:78:6:void Array<T, MAX_SIZE>::fill(const U&) [with U = double; T = float; unsigned int MAX_SIZE = 2]	16	static
../Core/Inc/ArrayDefinitions.h:78:6:void Array<T, MAX_SIZE>::fill(const U&) [with U = int; T = long long unsigned int; unsigned int MAX_SIZE = 2]	16	static
../Core/Inc/ArrayDefinitions.h:12:1:Array<T, MAX_SIZE>::Array() [with T = float; unsigned int MAX_SIZE = 50]	16	static
../Core/Inc/ArrayDefinitions.h:12:1:Array<T, MAX_SIZE>::Array() [with T = long long unsigned int; unsigned int MAX_SIZE = 50]	16	static
../Core/Inc/ArrayDefinitions.h:78:6:void Array<T, MAX_SIZE>::fill(const U&) [with U = double; T = float; unsigned int MAX_SIZE = 50]	16	static
../Core/Inc/ArrayDefinitions.h:78:6:void Array<T, MAX_SIZE>::fill(const U&) [with U = int; T = long long unsigned int; unsigned int MAX_SIZE = 50]	16	static
../Core/Inc/ps_multistep_test.h:130:10:void ps::MultiStepTest<MAX_SIZE>::setNumStep(size_t) [with unsigned int MAX_SIZE = 50]	40	static
../Core/Inc/ArrayDefinitions.h:71:6:void Array<T, MAX_SIZE>::clear() [with T = float; unsigned int MAX_SIZE = 2]	16	static
../Core/Inc/ArrayDefinitions.h:71:6:void Array<T, MAX_SIZE>::clear() [with T = long long unsigned int; unsigned int MAX_SIZE = 2]	16	static
../Core/Inc/ArrayDefinitions.h:136:6:void Array<T, MAX_SIZE>::push_back(const T&) [with T = float; unsigned int MAX_SIZE = 2]	16	static
../Core/Inc/ArrayDefinitions.h:136:6:void Array<T, MAX_SIZE>::push_back(const T&) [with T = long long unsigned int; unsigned int MAX_SIZE = 2]	16	static
../Core/Inc/ArduinoJson.h:2571:18:ArduinoJson::Internals::List<ArduinoJson::JsonPair>::const_iterator ArduinoJson::JsonObject::findKey(TStringRef) const [with TStringRef = const std::__cxx11::basic_string<char>&]	24	static
../Core/Inc/ArduinoJson.h:2228:18:ArduinoJson::Internals::List<T>::const_iterator ArduinoJson::Internals::List<T>::end() const [with T = ArduinoJson::JsonPair]	24	static
../Core/Inc/ArduinoJson.h:2131:8:bool ArduinoJson::Internals::ListConstIterator<T>::operator!=(const ArduinoJson::Internals::ListConstIterator<T>&) const [with T = ArduinoJson::JsonPair]	16	static
../Core/Inc/ArduinoJson.h:265:16:const TImpl* ArduinoJson::Internals::JsonVariantCasts<TImpl>::impl() const [with TImpl = ArduinoJson::Internals::JsonObjectSubscript<const std::__cxx11::basic_string<char>&>]	16	static
../Core/Inc/ArduinoJson.h:2582:8:bool ArduinoJson::JsonObject::set_impl(TStringRef, TValueRef) [with TStringRef = const std::__cxx11::basic_string<char>&; TValueRef = const ArduinoJson::Internals::JsonObjectSubscript<const std::__cxx11::basic_string<char>&>&]	48	static
../Core/Inc/ArduinoJson.h:2582:8:bool ArduinoJson::JsonObject::set_impl(TStringRef, TValueRef) [with TStringRef = const std::__cxx11::basic_string<char>&; TValueRef = const std::__cxx11::basic_string<char>&]	48	static
../Core/Inc/ArduinoJson.h:2582:8:bool ArduinoJson::JsonObject::set_impl(TStringRef, TValueRef) [with TStringRef = const std::__cxx11::basic_string<char>&; TValueRef = const long unsigned int&]	48	static
../Core/Inc/ArduinoJson.h:3058:19:ArduinoJson::JsonArray& ArduinoJson::JsonObject::createNestedArray_impl(TStringRef) [with TStringRef = const std::__cxx11::basic_string<char>&]	24	static
../Core/Inc/ArduinoJson.h:2417:8:bool ArduinoJson::JsonArray::add_impl(TValueRef) [with TValueRef = const std::__cxx11::basic_string<char>&]	32	static
../Core/Inc/ArduinoJson.h:2165:8:bool ArduinoJson::Internals::ListIterator<T>::operator==(const ArduinoJson::Internals::ListIterator<T>&) const [with T = ArduinoJson::JsonVariant]	16	static
../Core/Inc/ArduinoJson.h:2222:12:ArduinoJson::Internals::List<T>::iterator ArduinoJson::Internals::List<T>::end() [with T = ArduinoJson::JsonVariant]	24	static
../Core/Inc/ArduinoJson.h:2159:6:T& ArduinoJson::Internals::ListIterator<T>::operator*() const [with T = ArduinoJson::JsonVariant]	16	static
../Core/Inc/ArduinoJson.h:2208:12:ArduinoJson::Internals::List<T>::iterator ArduinoJson::Internals::List<T>::add() [with T = ArduinoJson::JsonVariant]	40	static
../Core/Inc/ArduinoJson.h:2266:15:static bool ArduinoJson::Internals::ValueSaver<Source, Enable>::save(ArduinoJson::JsonBuffer*, Destination&, Source) [with Destination = ArduinoJson::JsonVariant; Source = const ArduinoJson::JsonArray&; Enable = void]	48	static
../Core/Inc/ArrayDefinitions.h:99:6:void Array<T, MAX_SIZE>::assign(size_t, const U&) [with U = double; T = float; unsigned int MAX_SIZE = 2]	32	static
../Core/Inc/ArrayDefinitions.h:99:6:void Array<T, MAX_SIZE>::assign(size_t, const U&) [with U = int; T = long long unsigned int; unsigned int MAX_SIZE = 2]	40	static
../Core/Inc/ArrayDefinitions.h:99:6:void Array<T, MAX_SIZE>::assign(size_t, const U&) [with U = double; T = float; unsigned int MAX_SIZE = 50]	32	static
../Core/Inc/ArrayDefinitions.h:99:6:void Array<T, MAX_SIZE>::assign(size_t, const U&) [with U = int; T = long long unsigned int; unsigned int MAX_SIZE = 50]	40	static
../Core/Inc/ArrayDefinitions.h:71:6:void Array<T, MAX_SIZE>::clear() [with T = float; unsigned int MAX_SIZE = 50]	16	static
../Core/Inc/ArrayDefinitions.h:71:6:void Array<T, MAX_SIZE>::clear() [with T = long long unsigned int; unsigned int MAX_SIZE = 50]	16	static
../Core/Inc/ArrayDefinitions.h:136:6:void Array<T, MAX_SIZE>::push_back(const T&) [with T = float; unsigned int MAX_SIZE = 50]	16	static
../Core/Inc/ArrayDefinitions.h:136:6:void Array<T, MAX_SIZE>::push_back(const T&) [with T = long long unsigned int; unsigned int MAX_SIZE = 50]	16	static
../Core/Inc/ArduinoJson.h:2563:12:ArduinoJson::Internals::List<ArduinoJson::JsonPair>::iterator ArduinoJson::JsonObject::findKey(TStringRef) [with TStringRef = const std::__cxx11::basic_string<char>&]	24	static
../Core/Inc/ArduinoJson.h:2182:3:ArduinoJson::Internals::ListIterator<T>::operator ArduinoJson::Internals::ListConstIterator<T>() const [with T = ArduinoJson::JsonPair]	24	static
../Core/Inc/ArduinoJson.h:2121:12:ArduinoJson::Internals::ListConstIterator<T>::ListConstIterator(const ArduinoJson::Internals::ListNode<T>*) [with T = ArduinoJson::JsonPair]	16	static
../Core/Inc/ArduinoJson.h:2508:51:typename ArduinoJson::Internals::JsonVariantAs<T>::type ArduinoJson::JsonObject::get(const TString&) const [with TValue = const char*; TString = std::__cxx11::basic_string<char>]	16	static
../Core/Inc/ArduinoJson.h:548:15:static bool ArduinoJson::Internals::StdStringTraits<TString>::is_null(const TString&) [with TString = std::__cxx11::basic_string<char>]	16	static
../Core/Inc/ArduinoJson.h:2165:8:bool ArduinoJson::Internals::ListIterator<T>::operator==(const ArduinoJson::Internals::ListIterator<T>&) const [with T = ArduinoJson::JsonPair]	16	static
../Core/Inc/ArduinoJson.h:2222:12:ArduinoJson::Internals::List<T>::iterator ArduinoJson::Internals::List<T>::end() [with T = ArduinoJson::JsonPair]	24	static
../Core/Inc/ArduinoJson.h:2208:12:ArduinoJson::Internals::List<T>::iterator ArduinoJson::Internals::List<T>::add() [with T = ArduinoJson::JsonPair]	40	static
../Core/Inc/ArduinoJson.h:2162:6:T* ArduinoJson::Internals::ListIterator<T>::operator->() [with T = ArduinoJson::JsonPair]	16	static
../Core/Inc/ArduinoJson.h:2275:15:static bool ArduinoJson::Internals::ValueSaver<Source, typename ArduinoJson::Internals::EnableIf<ArduinoJson::Internals::StringTraits<TString>::should_duplicate>::type>::save(ArduinoJson::JsonBuffer*, Destination&, Source) [with Destination = const char*; Source = const std::__cxx11::basic_string<char>&]	32	static
../Core/Inc/ArduinoJson.h:2266:15:static bool ArduinoJson::Internals::ValueSaver<Source, Enable>::save(ArduinoJson::JsonBuffer*, Destination&, Source) [with Destination = ArduinoJson::JsonVariant; Source = const ArduinoJson::Internals::JsonObjectSubscript<const std::__cxx11::basic_string<char>&>&; Enable = void]	56	static
../Core/Inc/ArduinoJson.h:2275:15:static bool ArduinoJson::Internals::ValueSaver<Source, typename ArduinoJson::Internals::EnableIf<ArduinoJson::Internals::StringTraits<TString>::should_duplicate>::type>::save(ArduinoJson::JsonBuffer*, Destination&, Source) [with Destination = ArduinoJson::JsonVariant; Source = const std::__cxx11::basic_string<char>&]	72	static
../Core/Inc/ArduinoJson.h:2266:15:static bool ArduinoJson::Internals::ValueSaver<Source, Enable>::save(ArduinoJson::JsonBuffer*, Destination&, Source) [with Destination = ArduinoJson::JsonVariant; Source = const long unsigned int&; Enable = void]	48	static
../Core/Inc/ArduinoJson.h:2477:8:bool ArduinoJson::JsonObject::set(const TString&, const TValue&) [with TValue = ArduinoJson::JsonArray; TString = std::__cxx11::basic_string<char>]	24	static
../Core/Inc/ArduinoJson.h:2110:3:ArduinoJson::Internals::ListNode<T>::ListNode() [with T = ArduinoJson::JsonVariant]	16	static
../Core/Inc/ArduinoJson.h:2158:12:ArduinoJson::Internals::ListIterator<T>::ListIterator(ArduinoJson::Internals::ListNode<T>*) [with T = ArduinoJson::JsonPair]	16	static
../Core/Inc/ArduinoJson.h:2219:12:ArduinoJson::Internals::List<T>::iterator ArduinoJson::Internals::List<T>::begin() [with T = ArduinoJson::JsonPair]	24	static
../Core/Inc/ArduinoJson.h:2168:8:bool ArduinoJson::Internals::ListIterator<T>::operator!=(const ArduinoJson::Internals::ListIterator<T>&) const [with T = ArduinoJson::JsonPair]	16	static
../Core/Inc/ArduinoJson.h:2171:20:ArduinoJson::Internals::ListIterator<T>& ArduinoJson::Internals::ListIterator<T>::operator++() [with T = ArduinoJson::JsonPair]	16	static
../Core/Inc/ArduinoJson.h:554:15:static bool ArduinoJson::Internals::StdStringTraits<TString>::equals(const TString&, const char*) [with TString = std::__cxx11::basic_string<char>]	24	static
../Core/Inc/ArduinoJson.h:2575:51:typename ArduinoJson::Internals::JsonVariantAs<TValue>::type ArduinoJson::JsonObject::get_impl(TStringRef) const [with TStringRef = const std::__cxx11::basic_string<char>&; TValue = const char*]	24	static
../Core/Inc/ArduinoJson.h:2433:8:ArduinoJson::JsonPair::JsonPair()	16	static
../Core/Inc/ArduinoJson.h:2110:3:ArduinoJson::Internals::ListNode<T>::ListNode() [with T = ArduinoJson::JsonPair]	16	static
../Core/Inc/ArduinoJson.h:541:22:static const char* ArduinoJson::Internals::StdStringTraits<TString>::duplicate(const TString&, Buffer*) [with Buffer = ArduinoJson::JsonBuffer; TString = std::__cxx11::basic_string<char>]	24	static
../Core/Inc/ArduinoJson.h:1590:3:ArduinoJson::JsonVariant::JsonVariant(const TChar*, typename ArduinoJson::Internals::EnableIf<ArduinoJson::Internals::IsChar<T>::value>::type*) [with TChar = char]	24	static
../Core/Inc/ArduinoJson.h:1582:3:ArduinoJson::JsonVariant::JsonVariant(T, typename ArduinoJson::Internals::EnableIf<ArduinoJson::Internals::IsUnsignedIntegral<T>::value>::type*) [with T = long unsigned int]	32	static
../Core/Inc/ArduinoJson.h:2582:8:bool ArduinoJson::JsonObject::set_impl(TStringRef, TValueRef) [with TStringRef = const std::__cxx11::basic_string<char>&; TValueRef = const ArduinoJson::JsonArray&]	48	static
../Core/Inc/ArduinoJson.h:265:16:const TImpl* ArduinoJson::Internals::JsonVariantCasts<TImpl>::impl() const [with TImpl = ArduinoJson::Internals::JsonArraySubscript]	16	static
../Core/Inc/ArduinoJson.h:2225:18:ArduinoJson::Internals::List<T>::const_iterator ArduinoJson::Internals::List<T>::begin() const [with T = ArduinoJson::JsonVariant]	24	static
../Core/Inc/ArduinoJson.h:2131:8:bool ArduinoJson::Internals::ListConstIterator<T>::operator!=(const ArduinoJson::Internals::ListConstIterator<T>&) const [with T = ArduinoJson::JsonVariant]	16	static
../Core/Inc/ArduinoJson.h:2228:18:ArduinoJson::Internals::List<T>::const_iterator ArduinoJson::Internals::List<T>::end() const [with T = ArduinoJson::JsonVariant]	24	static
../Core/Inc/ArduinoJson.h:2125:12:const T* ArduinoJson::Internals::ListConstIterator<T>::operator->() [with T = ArduinoJson::JsonPair]	16	static
../Core/Inc/ArduinoJson.h:1623:3:typename ArduinoJson::Internals::EnableIf<(ArduinoJson::Internals::IsSame<T, const char*>::value || ArduinoJson::Internals::IsSame<T, char*>::value), const char*>::type ArduinoJson::JsonVariant::as() const [with T = const char*]	16	static
../Core/Inc/ArduinoJson.h:163:12:static T ArduinoJson::Internals::JsonVariantDefault<T>::get() [with T = const char*]	4	static
../Core/Inc/ArduinoJson.h:2138:25:ArduinoJson::Internals::ListConstIterator<T>& ArduinoJson::Internals::ListConstIterator<T>::operator+=(size_t) [with T = ArduinoJson::JsonVariant]	16	static
../Core/Inc/ArduinoJson.h:2125:12:const T* ArduinoJson::Internals::ListConstIterator<T>::operator->() [with T = ArduinoJson::JsonVariant]	16	static
../Core/Inc/ArduinoJson.h:1670:3:typename ArduinoJson::Internals::EnableIf<ArduinoJson::Internals::IsSame<T, ArduinoJson::JsonVariant>::value, T>::type ArduinoJson::JsonVariant::as() const [with T = ArduinoJson::JsonVariant]	16	static
../Core/Inc/ArduinoJson.h:163:12:static T ArduinoJson::Internals::JsonVariantDefault<T>::get() [with T = ArduinoJson::JsonVariant]	16	static
../Core/Inc/ArduinoJson.h:2121:12:ArduinoJson::Internals::ListConstIterator<T>::ListConstIterator(const ArduinoJson::Internals::ListNode<T>*) [with T = ArduinoJson::JsonVariant]	16	static
../Core/Inc/ArduinoJson.h:2508:51:typename ArduinoJson::Internals::JsonVariantAs<T>::type ArduinoJson::JsonObject::get(const TString&) const [with TValue = ArduinoJson::JsonVariant; TString = std::__cxx11::basic_string<char>]	24	static
../Core/Inc/ArduinoJson.h:2575:51:typename ArduinoJson::Internals::JsonVariantAs<TValue>::type ArduinoJson::JsonObject::get_impl(TStringRef) const [with TStringRef = const std::__cxx11::basic_string<char>&; TValue = ArduinoJson::JsonVariant]	32	static
../Core/Src/ps_voltammetry.cpp:181:1:void __static_initialization_and_destruction_0(int, int)	64	static
../Core/Inc/ps_multistep_test.h:174:10:bool ps::MultiStepTest<MAX_SIZE>::isDone(uint64_t) const [with unsigned int MAX_SIZE = 50]	32	static
../Core/Inc/ps_multistep_test.h:189:14:uint64_t ps::MultiStepTest<MAX_SIZE>::getDoneTime() const [with unsigned int MAX_SIZE = 50]	24	static
../Core/Inc/ps_multistep_test.h:196:10:void ps::MultiStepTest<MAX_SIZE>::reset() [with unsigned int MAX_SIZE = 50]	16	static
../Core/Inc/ps_multistep_test.h:201:11:float ps::MultiStepTest<MAX_SIZE>::getValue(uint64_t) const [with unsigned int MAX_SIZE = 50]	56	static
../Core/Inc/ps_multistep_test.h:227:11:float ps::MultiStepTest<MAX_SIZE>::getMaxValue() const [with unsigned int MAX_SIZE = 50]	32	static
../Core/Inc/ps_multistep_test.h:246:11:float ps::MultiStepTest<MAX_SIZE>::getMinValue() const [with unsigned int MAX_SIZE = 50]	32	static
../Core/Inc/ps_multistep_test.h:265:10:void ps::MultiStepTest<MAX_SIZE>::getParam(ArduinoJson::JsonObject&) [with unsigned int MAX_SIZE = 50]	64	static
../Core/Inc/ps_multistep_test.h:286:18:ps::ReturnStatus ps::MultiStepTest<MAX_SIZE>::setParam(ArduinoJson::JsonObject&, ArduinoJson::JsonObject&) [with unsigned int MAX_SIZE = 50]	64	static
../Core/Inc/ps_multistep_test.h:74:10:void ps::MultiStepTest<MAX_SIZE>::setStepValue(size_t, float) [with unsigned int MAX_SIZE = 50]	24	static
../Core/Inc/ps_multistep_test.h:84:11:float ps::MultiStepTest<MAX_SIZE>::getStepValue(size_t) const [with unsigned int MAX_SIZE = 50]	24	static
../Core/Inc/ps_multistep_test.h:96:10:void ps::MultiStepTest<MAX_SIZE>::setStepDuration(size_t, uint64_t) [with unsigned int MAX_SIZE = 50]	24	static
../Core/Inc/ps_multistep_test.h:106:14:uint64_t ps::MultiStepTest<MAX_SIZE>::getStepDuration(size_t) const [with unsigned int MAX_SIZE = 50]	24	static
../Core/Inc/ps_multistep_test.h:118:14:uint64_t ps::MultiStepTest<MAX_SIZE>::getDuration() const [with unsigned int MAX_SIZE = 50]	40	static
../Core/Inc/ps_multistep_test.h:160:12:size_t ps::MultiStepTest<MAX_SIZE>::getNumStep() const [with unsigned int MAX_SIZE = 50]	16	static
../Core/Inc/ps_multistep_test.h:167:12:size_t ps::MultiStepTest<MAX_SIZE>::getMaxNumStep() const [with unsigned int MAX_SIZE = 50]	16	static
../Core/Inc/ps_multistep_test.h:174:10:bool ps::MultiStepTest<MAX_SIZE>::isDone(uint64_t) const [with unsigned int MAX_SIZE = 2]	32	static
../Core/Inc/ps_multistep_test.h:189:14:uint64_t ps::MultiStepTest<MAX_SIZE>::getDoneTime() const [with unsigned int MAX_SIZE = 2]	24	static
../Core/Inc/ps_multistep_test.h:196:10:void ps::MultiStepTest<MAX_SIZE>::reset() [with unsigned int MAX_SIZE = 2]	16	static
../Core/Inc/ps_multistep_test.h:201:11:float ps::MultiStepTest<MAX_SIZE>::getValue(uint64_t) const [with unsigned int MAX_SIZE = 2]	56	static
../Core/Inc/ps_multistep_test.h:227:11:float ps::MultiStepTest<MAX_SIZE>::getMaxValue() const [with unsigned int MAX_SIZE = 2]	32	static
../Core/Inc/ps_multistep_test.h:246:11:float ps::MultiStepTest<MAX_SIZE>::getMinValue() const [with unsigned int MAX_SIZE = 2]	32	static
../Core/Inc/ps_multistep_test.h:265:10:void ps::MultiStepTest<MAX_SIZE>::getParam(ArduinoJson::JsonObject&) [with unsigned int MAX_SIZE = 2]	64	static
../Core/Inc/ps_multistep_test.h:286:18:ps::ReturnStatus ps::MultiStepTest<MAX_SIZE>::setParam(ArduinoJson::JsonObject&, ArduinoJson::JsonObject&) [with unsigned int MAX_SIZE = 2]	64	static
../Core/Inc/ps_multistep_test.h:74:10:void ps::MultiStepTest<MAX_SIZE>::setStepValue(size_t, float) [with unsigned int MAX_SIZE = 2]	24	static
../Core/Inc/ps_multistep_test.h:84:11:float ps::MultiStepTest<MAX_SIZE>::getStepValue(size_t) const [with unsigned int MAX_SIZE = 2]	24	static
../Core/Inc/ps_multistep_test.h:96:10:void ps::MultiStepTest<MAX_SIZE>::setStepDuration(size_t, uint64_t) [with unsigned int MAX_SIZE = 2]	24	static
../Core/Inc/ps_multistep_test.h:106:14:uint64_t ps::MultiStepTest<MAX_SIZE>::getStepDuration(size_t) const [with unsigned int MAX_SIZE = 2]	24	static
../Core/Inc/ps_multistep_test.h:118:14:uint64_t ps::MultiStepTest<MAX_SIZE>::getDuration() const [with unsigned int MAX_SIZE = 2]	40	static
../Core/Inc/ps_multistep_test.h:160:12:size_t ps::MultiStepTest<MAX_SIZE>::getNumStep() const [with unsigned int MAX_SIZE = 2]	16	static
../Core/Inc/ps_multistep_test.h:167:12:size_t ps::MultiStepTest<MAX_SIZE>::getMaxNumStep() const [with unsigned int MAX_SIZE = 2]	16	static
../Core/Inc/ArrayDefinitions.h:47:3:T Array<T, MAX_SIZE>::operator[](size_t) const [with T = long long unsigned int; unsigned int MAX_SIZE = 50]	16	static
../Core/Inc/ArrayDefinitions.h:47:3:T Array<T, MAX_SIZE>::operator[](size_t) const [with T = float; unsigned int MAX_SIZE = 50]	16	static
C:\ST\STM32CubeIDE_1.13.2\STM32CubeIDE\plugins\com.st.stm32cube.ide.mcu.externaltools.gnu-tools-for-stm32.11.3.rel1.win32_1.1.1.202309131626\tools\bin/../lib/gcc/arm-none-eabi/11.3.1/../../../../arm-none-eabi/include/c++/11.3.1/bits/stl_algobase.h:254:5:constexpr const _Tp& std::max(const _Tp&, const _Tp&) [with _Tp = float]	16	static
C:\ST\STM32CubeIDE_1.13.2\STM32CubeIDE\plugins\com.st.stm32cube.ide.mcu.externaltools.gnu-tools-for-stm32.11.3.rel1.win32_1.1.1.202309131626\tools\bin/../lib/gcc/arm-none-eabi/11.3.1/../../../../arm-none-eabi/include/c++/11.3.1/bits/stl_algobase.h:230:5:constexpr const _Tp& std::min(const _Tp&, const _Tp&) [with _Tp = float]	16	static
../Core/Inc/ArrayDefinitions.h:41:5:T& Array<T, MAX_SIZE>::operator[](size_t) [with T = long long unsigned int; unsigned int MAX_SIZE = 50]	16	static
../Core/Inc/ArduinoJson.h:2317:8:bool ArduinoJson::JsonArray::add(const T&) [with T = long unsigned int]	16	static
../Core/Inc/ArrayDefinitions.h:41:5:T& Array<T, MAX_SIZE>::operator[](size_t) [with T = float; unsigned int MAX_SIZE = 50]	16	static
../Core/Inc/ArduinoJson.h:2317:8:bool ArduinoJson::JsonArray::add(const T&) [with T = float]	16	static
../Core/Inc/ps_multistep_test.h:315:10:void ps::MultiStepTest<MAX_SIZE>::setValueAndDurationFromJson(ArduinoJson::JsonObject&, ArduinoJson::JsonObject&, ps::ReturnStatus&) [with unsigned int MAX_SIZE = 50]	1280	static
../Core/Inc/ArrayDefinitions.h:47:3:T Array<T, MAX_SIZE>::operator[](size_t) const [with T = long long unsigned int; unsigned int MAX_SIZE = 2]	16	static
../Core/Inc/ArrayDefinitions.h:47:3:T Array<T, MAX_SIZE>::operator[](size_t) const [with T = float; unsigned int MAX_SIZE = 2]	16	static
../Core/Inc/ArrayDefinitions.h:41:5:T& Array<T, MAX_SIZE>::operator[](size_t) [with T = long long unsigned int; unsigned int MAX_SIZE = 2]	16	static
../Core/Inc/ArrayDefinitions.h:41:5:T& Array<T, MAX_SIZE>::operator[](size_t) [with T = float; unsigned int MAX_SIZE = 2]	16	static
../Core/Inc/ps_multistep_test.h:315:10:void ps::MultiStepTest<MAX_SIZE>::setValueAndDurationFromJson(ArduinoJson::JsonObject&, ArduinoJson::JsonObject&, ps::ReturnStatus&) [with unsigned int MAX_SIZE = 2]	704	static
../Core/Inc/ArduinoJson.h:2417:8:bool ArduinoJson::JsonArray::add_impl(TValueRef) [with TValueRef = const long unsigned int&]	32	static
../Core/Inc/ArduinoJson.h:2417:8:bool ArduinoJson::JsonArray::add_impl(TValueRef) [with TValueRef = const float&]	32	static
../Core/Inc/ArduinoJson.h:2343:46:typename ArduinoJson::Internals::JsonVariantAs<T>::type ArduinoJson::JsonArray::get(size_t) const [with T = long unsigned int]	32	static
../Core/Inc/ArduinoJson.h:2343:46:typename ArduinoJson::Internals::JsonVariantAs<T>::type ArduinoJson::JsonArray::get(size_t) const [with T = float]	32	static
../Core/Inc/ArduinoJson.h:2266:15:static bool ArduinoJson::Internals::ValueSaver<Source, Enable>::save(ArduinoJson::JsonBuffer*, Destination&, Source) [with Destination = ArduinoJson::JsonVariant; Source = const float&; Enable = void]	48	static
../Core/Inc/ArduinoJson.h:2517:8:bool ArduinoJson::JsonObject::is(const TString&) const [with TValue = ArduinoJson::JsonArray&; TString = std::__cxx11::basic_string<char>]	16	static
../Core/Inc/ArduinoJson.h:2348:8:bool ArduinoJson::JsonArray::is(size_t) const [with T = ArduinoJson::JsonArray&]	32	static
../Core/Inc/ArduinoJson.h:2348:8:bool ArduinoJson::JsonArray::is(size_t) const [with T = long unsigned int]	32	static
../Core/Inc/ArduinoJson.h:1605:3:const typename ArduinoJson::Internals::EnableIf<ArduinoJson::Internals::IsIntegral<T>::value, Integer>::type ArduinoJson::JsonVariant::as() const [with T = long unsigned int]	16	static
../Core/Inc/ArduinoJson.h:163:12:static T ArduinoJson::Internals::JsonVariantDefault<T>::get() [with T = long unsigned int]	4	static
../Core/Inc/ArduinoJson.h:2348:8:bool ArduinoJson::JsonArray::is(size_t) const [with T = float]	32	static
../Core/Inc/ArduinoJson.h:1616:3:const typename ArduinoJson::Internals::EnableIf<ArduinoJson::Internals::IsFloatingPoint<T>::value, T>::type ArduinoJson::JsonVariant::as() const [with T = float]	16	static
../Core/Inc/ArduinoJson.h:163:12:static T ArduinoJson::Internals::JsonVariantDefault<T>::get() [with T = float]	4	static
../Core/Inc/ArduinoJson.h:2595:8:bool ArduinoJson::JsonObject::is_impl(TStringRef) const [with TStringRef = const std::__cxx11::basic_string<char>&; TValue = ArduinoJson::JsonArray&]	24	static
../Core/Inc/ArduinoJson.h:2508:51:typename ArduinoJson::Internals::JsonVariantAs<T>::type ArduinoJson::JsonObject::get(const TString&) const [with TValue = ArduinoJson::JsonArray&; TString = std::__cxx11::basic_string<char>]	16	static
../Core/Inc/ArduinoJson.h:1701:3:typename ArduinoJson::Internals::EnableIf<ArduinoJson::Internals::IsSame<typename ArduinoJson::Internals::RemoveConst<typename ArduinoJson::Internals::RemoveReference<T>::type>::type, ArduinoJson::JsonArray>::value, bool>::type ArduinoJson::JsonVariant::is() const [with T = ArduinoJson::JsonArray&]	16	static
../Core/Inc/ArduinoJson.h:2343:46:typename ArduinoJson::Internals::JsonVariantAs<T>::type ArduinoJson::JsonArray::get(size_t) const [with T = ArduinoJson::JsonArray&]	32	static
../Core/Inc/ArduinoJson.h:1674:77:typename ArduinoJson::Internals::EnableIf<ArduinoJson::Internals::IsIntegral<T>::value, bool>::type ArduinoJson::JsonVariant::is() const [with T = long unsigned int]	16	static
../Core/Inc/ArduinoJson.h:3235:10:T ArduinoJson::JsonVariant::variantAsInteger() const [with T = long unsigned int]	16	static
../Core/Inc/ArduinoJson.h:1680:3:typename ArduinoJson::Internals::EnableIf<ArduinoJson::Internals::IsFloatingPoint<T>::value, bool>::type ArduinoJson::JsonVariant::is() const [with T = float]	16	static
../Core/Inc/ArduinoJson.h:3261:10:T ArduinoJson::JsonVariant::variantAsFloat() const [with T = float]	16	static
../Core/Inc/ArduinoJson.h:2575:51:typename ArduinoJson::Internals::JsonVariantAs<TValue>::type ArduinoJson::JsonObject::get_impl(TStringRef) const [with TStringRef = const std::__cxx11::basic_string<char>&; TValue = ArduinoJson::JsonArray&]	24	static
../Core/Inc/ArduinoJson.h:1640:3:typename ArduinoJson::Internals::EnableIf<ArduinoJson::Internals::IsSame<typename ArduinoJson::Internals::RemoveReference<T>::type, ArduinoJson::JsonArray>::value, ArduinoJson::JsonArray&>::type ArduinoJson::JsonVariant::as() const [with T = ArduinoJson::JsonArray&]	16	static
../Core/Inc/ArduinoJson.h:3187:3:T ArduinoJson::Internals::parseInteger(const char*) [with T = long unsigned int]	24	static
../Core/Inc/ArduinoJson.h:3118:10:T ArduinoJson::Internals::parseFloat(const char*) [with T = float]	40	static
../Core/Inc/ArduinoJson.h:1052:12:static T ArduinoJson::Internals::FloatTraits<T, 4>::nan() [with T = float]	8	static
../Core/Inc/ArduinoJson.h:1055:12:static T ArduinoJson::Internals::FloatTraits<T, 4>::inf() [with T = float]	8	static
../Core/Inc/ArduinoJson.h:1017:12:static T ArduinoJson::Internals::FloatTraits<T, 4>::make_float(T, TExponent) [with TExponent = int; T = float]	24	static
../Core/Inc/ArduinoJson.h:1044:12:static T ArduinoJson::Internals::FloatTraits<T, 4>::forge(uint32_t) [with T = float]	24	static
../Core/Inc/ArduinoJson.h:1032:12:static T ArduinoJson::Internals::FloatTraits<T, 4>::positiveBinaryPowerOfTen(int) [with T = float]	16	static
../Core/Inc/ArduinoJson.h:1036:12:static T ArduinoJson::Internals::FloatTraits<T, 4>::negativeBinaryPowerOfTen(int) [with T = float]	16	static
../Core/Src/ps_voltammetry.cpp:181:1:cpp)	8	static
../Core/Src/ps_voltammetry.cpp:181:1:cpp)	8	static
